Predicta Web Pipeline
Stage: Executar Predicta completo
Command: ["/home/raul/Projetos/hackathon-ia-2026/.venv/bin/python3", "scripts/47_run_full_automation.py", "--start-year", "2023", "--end-year", "2026", "--test-hours", "720", "--calibration-hours", "720", "--alpha", "1.0", "--n-estimators", "350", "--max-depth", "6", "--learning-rate", "0.05", "--subsample", "0.9", "--colsample-bytree", "0.9", "--climate-grid-mode", "adaptive", "--climate-stride-cells", "20", "--climate-history-mode", "local-first", "--climate-store-root", "data/climate_store", "--climate-batch-size", "6", "--climate-daily-batch-size", "24", "--climate-request-delay", "2.0", "--climate-max-retries", "10", "--climate-backoff", "10", "--climate-cooldown-after-429", "3", "--climate-cooldown-seconds", "90", "--climate-defer-wait-seconds", "900", "--climate-defer-cycles", "8", "--operational-issue", "auto", "--max-load-staleness-hours", "3"]


=== Gate 0 · testes científicos ===
$ /home/raul/Projetos/hackathon-ia-2026/.venv/bin/python3 -m pytest -q

==================================== ERRORS ====================================
______________ ERROR collecting tests/contracts/test_contracts.py ______________
ImportError while importing test module '/home/raul/Projetos/hackathon-ia-2026/tests/contracts/test_contracts.py'.
Hint: make sure your test modules/packages have valid Python names.
Traceback:
/usr/lib/python3.13/importlib/__init__.py:88: in import_module
    return _bootstrap._gcd_import(name[level:], package, level)
           ^^^^^^^^^^^^^^^^^^^^^^^^^^^^^^^^^^^^^^^^^^^^^^^^^^^^
tests/contracts/test_contracts.py:7: in <module>
    from contracts.validators.core import validate_dataframe, validate_file
contracts/validators/core.py:9: in <module>
    from pydantic import ValidationError
E   ModuleNotFoundError: No module named 'pydantic'
_____________ ERROR collecting tests/unit/test_mvp_bridge_v140.py ______________
ImportError while importing test module '/home/raul/Projetos/hackathon-ia-2026/tests/unit/test_mvp_bridge_v140.py'.
Hint: make sure your test modules/packages have valid Python names.
Traceback:
/usr/lib/python3.13/importlib/__init__.py:88: in import_module
    return _bootstrap._gcd_import(name[level:], package, level)
           ^^^^^^^^^^^^^^^^^^^^^^^^^^^^^^^^^^^^^^^^^^^^^^^^^^^^
tests/unit/test_mvp_bridge_v140.py:7: in <module>
    from contracts.validators.core import validate_dataframe
contracts/validators/core.py:9: in <module>
    from pydantic import ValidationError
E   ModuleNotFoundError: No module named 'pydantic'
=========================== short test summary info ============================
ERROR tests/contracts/test_contracts.py
ERROR tests/unit/test_mvp_bridge_v140.py
!!!!!!!!!!!!!!!!!!! Interrupted: 2 errors during collection !!!!!!!!!!!!!!!!!!!!
2 errors in 2.24s
Traceback (most recent call last):
  File "/home/raul/Projetos/hackathon-ia-2026/scripts/47_run_full_automation.py", line 149, in <module>
    if __name__=='__main__':main()
                            ~~~~^^
  File "/home/raul/Projetos/hackathon-ia-2026/scripts/47_run_full_automation.py", line 71, in main
    run([sys.executable,'-m','pytest','-q'],'Gate 0 · testes científicos',steps);save()
    ~~~^^^^^^^^^^^^^^^^^^^^^^^^^^^^^^^^^^^^^^^^^^^^^^^^^^^^^^^^^^^^^^^^^^^^^^^^^
  File "/home/raul/Projetos/hackathon-ia-2026/scripts/47_run_full_automation.py", line 18, in run
    if proc.returncode!=0:raise RuntimeError(f'{label} failed with code {proc.returncode}')
                          ^^^^^^^^^^^^^^^^^^^^^^^^^^^^^^^^^^^^^^^^^^^^^^^^^^^^^^^^^^^^^^^^^
RuntimeError: Gate 0 · testes científicos failed with code 2
